#MCell 4.00
#BOARD 1x257
#L .ABCDEFGHIJKLMNOPQRSTUVWXaAaBaCaDaEaFaGaHaIaJaKaLaMaNaOaPaQaRaSaTaUaVaWaYbAbBbCbDbEbFbGbHbIbJbKbLbMbNbObPbQbRbSbTbUbVbWbYcAcBcCcDcEcFcGcHcIcJcKcLcMcNcOcPcQcRcScTcUcVcWcYdAdBdCdDdEdFdGdHdIdJdKdLdMdNdOdPdQdRdSdTdUdVdWdYeAeBeCeDeEeFeGeHeIeJeKeLeMeNeOePeQeReSeTeUeVeWeYfAfBfCfDfEfFfGfHfIfJfKfLfMfNfOfPfQfRfSfTfUfVfWfYgAgBgCgDgEgFgGgHgIgJgKgLgMgNgOgPgQgRgSgTgUgVgWgYhAhBhChDhEhFhGhHhIhJhKhLhMhNhOhPhQhRhShThUhVhWhYiAiBiCiDiEiFiGiHiIiJiKiLiMiNiOiPiQiRiSiTiUiViWiYjAjBjCjDjEjFjGjHjIjJjKjLjMjNjOjP
